---
source: crates/rargc/tests/test_scripts.rs
description: "[stdout] catch-all.sh multiple something with --additional args and --debug"
expression: "String::from_utf8(match \"stdout\" {\n            \"stdout\" => output.stdout,\n            \"stderr\" => output.stderr,\n            _ => panic!(\"invalid stream\"),\n        }).unwrap_or_else(|e|\n        panic!(\"failed to execute the '{dst}' script with error: {e}\"))"
---

args:
- rargs_debug = 1
- rargs_message = ([0] = "something"
- [1] = "with"
- [2] = "args"
- [3] = "and")

other_args:
- ${other_args[*]} = --additional
- ${other_args[0]} = --additional

