---
source: crates/rargs/tests/test_scripts.rs
description: "[stdout] commands.sh upload source --password Foo --password Bar"
expression: "String::from_utf8(match \"stdout\" {\n            \"stdout\" => output.stdout,\n            \"stderr\" => output.stderr,\n            _ => panic!(\"invalid stream\"),\n        }).unwrap_or_else(|e|\n        panic!(\"failed to execute the '{dst}' script with error: {e}\"))"
---

args:
- rargs_input = ([0] = "source"
- [1] = "--password"
- [2] = "Foo"
- [3] = "--password"
- [4] = "Bar")
- rargs_password = Bar
- rargs_source = source

