---
source: crates/templates/tests/function.rs
description: Function with default positional argument
expression: output
---
# Function with a default positional argument
foo() {
  # Parse command arguments
  parse_foo_arguments "$@"

  
  if [[ -z "${args['default']}" ]]; then
    args['default']="true"
  fi
  echo "No implementation body found for function foo"
}

