---
source: crates/templates/tests/function.rs
description: Function with default and required positional argument
expression: output
---
# Function with a default positional argument
foo() {

  
  if [[ -z "${args['default']}" ]]; then
    args['default']="true"
  fi

  
  if [[ -z "${args['default']}" ]]; then
    echo "Missing required option: default"
    foo_usage
    exit 1
  fi

}

