---
source: crates/templates/tests/function.rs
description: Function with dependencies
expression: output
---
# Function with a local option with choices
foo() {

  # Check dependencies
  for dependency in foo bar; do
    if ! command -v $dependency >/dev/null 2>&1; then
      printf "\e[31m%s\e[33m%s\e[31m\e[0m\n\n" "Missing dependency: " "$dependency" >&2
      exit 1
    else
      deps["$dependency"]="$(command -v $dependency | head -n1)"
    fi
  done

}

