---
source: crates/templates/tests/parse_command_arguments_test.rs
description: Parse commands with one required positional arguments
expression: output
---
parse_bar_arguments() {
  while [[ $# -gt 0 ]]; do
    case "${1:-}" in
      -h|--help)
        bar_usage
        exit
        ;;
      *)
        break
        ;;
    esac
  done

  while [[ $# -gt 0 ]]; do
    key="$1"
    case "$key" in
      -?*)
        printf "\e[31m%s\e[33m%s\e[31m\e[0m\n\n" "Invalid option: " "$key" >&2
        exit 1
        ;;
      *)
        if [[ -z ${args['foo']+x} ]]; then
          args['foo']=$key
          shift
        else
          printf "\e[31m%s\e[33m%s\e[31m\e[0m\n\n" "Invalid argument: " "$key" >&2
          exit 1
        fi
        ;;
    esac
  done
}

