---
source: crates/templates/tests/parse_arguments_test.rs
description: Parse command with positional arguments and no commands
expression: output
---
parse_arguments() {
  while [[ $# -gt 0 ]]; do
    case "${1:-}" in
      -h | --help)
        usage
        exit
        ;;
      *)
        break
        ;;
    esac
  done
  while [[ $# -gt 0 ]]; do
    key="$1"
    case "$key" in
      -?*)
        printf "invalid option: %s\n" "$key" >&2
        exit 1
        ;;
      *)
        if [[ -z ${args['foo']+x} ]]; then
          args['foo']=$key
          shift
        else
          printf "Invalid argument: %s\n" "$key" >&2
          exit 1
        fi
        ;;
    esac
  done
}

