---
source: crates/templates/tests/parse_arguments_test.rs
description: Parse command with multiple global options
expression: output
---
parse_arguments() {
  while [[ $# -gt 0 ]]; do
    case "${1:-}" in
      -h|--help)
        usage
        exit
        ;;
      *)
        break
        ;;
    esac
  done
  while [[ $# -gt 0 ]]; do
    key="$1"
    case "$key" in
      -f | --foo)
        if [[ -z ${args['foo']+x} ]]; then
            args['foo']="$2"
          else
            args['foo']="${args['foo']:-} $2"
          fi
        shift 2
        ;;
      -?*)
        printf "\e[31m%s\e[33m%s\e[31m\e[0m\n\n" "Invalid option: " "$key" >&2
        exit 1
        ;;
      *)
        printf "\e[31m%s\e[33m%s\e[31m\e[0m\n\n" "Invalid argument: " "$key" >&2
        exit 1
        ;;
    esac
  done
}

