---
source: crates/templates/tests/parse_command_arguments_test.rs
expression: output
---
action="${1:-}"

case $action in

    bar)
      action="bar"
      ;;
    baz)
      action="baz"
      ;;
    foo)
      action="foo"
      ;;
    "")
      action="baz"
      ;;
    *)
      action="baz"
      ;;
  esac

