---
source: crates/templates/tests/root.rs
description: Function with default positional argument
expression: output
---
root() {
  # Parse command arguments
  parse_root "$@"

  
  if [[ -z "${args['default']}" ]]; then
    args['default']="true"
  fi
  echo "No implementation body found for root function"
}


