---
source: crates/templates/tests/run_test.rs
description: Script has an undocumented environment variable
expression: output
---
run() {
  declare -A args=()
  declare -A deps=()
  declare -a input=()
  normalize_input "$@"
  parse_arguments "${input[@]}"
  # Check global environment variables
  

}

