---
source: crates/templates/tests/run_test.rs
description: Run function with a global dependency and a message
expression: output
---
run() {
  declare -A args=()
  declare -A deps=()
  declare -a input=()
  normalize_input "$@"
  parse_arguments "${input[@]}"
  # Check global dependencies
  
  for dependency in git; do
    if ! command -v $dependency >/dev/null 2>&1; then
      printf "\e[31m%s\e[33m%s\e[31m\e[0m\n\n" "Missing dependency: " "$dependency" >&2
      printf "Please install git\n" >&2
      exit 1
    else
      deps["$dependency"]="$(command -v $dependency | head -n1)"
    fi
  done

}

