---
source: crates/templates/tests/run_test.rs
description: Script has a required documented environment variable
expression: output
---
rargs_run() {
  declare -A deps=()
  declare -a rargs_input=()
  normalize_rargs_input "$@"
  parse_arguments "${rargs_input[@]}"
  # Check global environment variables
  
  if [[ -z "${FOO:-}" ]]; then
    printf "\e[31m%s\e[33m%s\e[31m\e[0m\n\n" "Missing required environment variable: " "FOO" >&2
    usage >&2
    exit 1
  fi

  printf "\e[31m%s\e[33m%s\e[31m%s\e[0m\n\n" "Nothing to do. Please add " "commands" " or a root command" >&2
  usage >&2
  exit 1
}
