---
source: crates/templates/tests/usage_test.rs
expression: output
---
usage() {
  printf "Test simple usage\n"
  printf "\n\033[4m%s\033[0m\n" "Usage:"
  printf "  usage -a|--all <ALL> [OPTIONS] [COMMAND] [COMMAND_OPTIONS]\n"
  printf "  usage -h|--help\n"
  printf "  usage -v|--version\n"
  printf "\n\033[4m%s\033[0m\n" "Commands:"
  printf "  foo\tTest foo command\n"
  printf "    Something
      With
      Multiple
      Lines\n"
  printf "\n\033[4m%s\033[0m\n" "Options:"
  printf "  -a --all <ALL>\n"
  printf "    Test option with all attributes\n"
  printf "    [@multiple, @default foo, @choices foo, bar, baz]\n"
  printf "\n\033[4m%s\033[0m\n" "Flags:"
  printf "  --verbose\n"
  printf "    Test verbose flag\n"
  printf "  -h --help\n"
  printf "    Print help\n"
  printf "  -v --version\n"
  printf "    Pring version\n"
}

