---
source: crates/templates/tests/usage_test.rs
description: Usage with choices option
expression: output
---
usage() {
  printf "Test simple usage\n"
  printf "\n\033[4m%s\033[0m\n" "Usage:"
  printf "  usage [OPTIONS]\n"
  printf "  usage -h|--help\n"

  printf "\n\033[4m%s\033[0m\n" "Options:"
  printf "  -c --choices [<CHOICES>]\n"
  printf "    Test choices option\n"
  printf "    [@choices foo|bar|baz]\n"
  printf "  -h --help\n"
  printf "    Print help\n"
}
