---
source: crates/templates/tests/usage_test.rs
expression: output
---
usage() {
  printf "Test simple usage\n\n"
  printf "Usage:\n"
  printf "  usage [OPTIONS]\n"
  printf "  usage --help | -h\n"
  printf "  usage --version | -v\n"
  printf "\nFlags:\n"
  printf "  --verbose\n"
  printf "    Test verbose flag\n"
  printf "\nOptions:\n"
  printf "  -a --all\n"
  printf "    Test option with all attributes\n"
  printf "    [@required, @multiple, @default foo, @choices foo, bar, baz]\n"
}

