---
source: crates/rargc/tests/test_scripts.rs
description: "[stdout] private.sh connect --protocol ssh -v localhost"
expression: "String::from_utf8(match \"stdout\" {\n            \"stdout\" => output.stdout,\n            \"stderr\" => output.stderr,\n            _ => panic!(\"invalid stream\"),\n        }).unwrap_or_else(|e|\n        panic!(\"failed to execute the '{dst}' script with error: {e}\"))"
---
SSH!!!
args:
- ${args[--verbose]} = 1
- ${args[host]} = localhost
- ${args[protocol]} = ssh
- ${args[username]} = ssh_user

