---
source: crates/templates/src/lib.rs
expression: output
---
cli_usage() {
  if [[ -n "Test simple usage" ]]; then
    printf "Test simple usage\n\n"
  fi

  printf "Usage:\n"
  printf "  usage [OPTIONS]\n"
  printf "  usage --help | -h\n"
  printf "  usage --version | -v\n\n"
  printf "Options:\n"
  printf "  -r --required\n"
  printf "    Test required option\n"
  printf "    [@required]\n"
}

